// Jest Snapshot v1, https://goo.gl/fbAQLP

exports[`Expext to render SearchInput component 1`] = `ShallowWrapper {}`;
