// Jest Snapshot v1, https://goo.gl/fbAQLP

exports[`Expext to render SidebarButton component 1`] = `ShallowWrapper {}`;
