// Jest Snapshot v1, https://goo.gl/fbAQLP

exports[`Expext to render Weather component 1`] = `ShallowWrapper {}`;
