// Jest Snapshot v1, https://goo.gl/fbAQLP

exports[`Expext to render TaskDone component 1`] = `ShallowWrapper {}`;
