// Jest Snapshot v1, https://goo.gl/fbAQLP

exports[`Expext to render TaskDeadline component 1`] = `ShallowWrapper {}`;
