// Jest Snapshot v1, https://goo.gl/fbAQLP

exports[`Expext to render TaskCheckBox component 1`] = `ShallowWrapper {}`;
