// Jest Snapshot v1, https://goo.gl/fbAQLP

exports[`Expext to render TaskTitle component 1`] = `ShallowWrapper {}`;
