// Jest Snapshot v1, https://goo.gl/fbAQLP

exports[`Expext to render TaskEditButtons component 1`] = `ShallowWrapper {}`;
