// Jest Snapshot v1, https://goo.gl/fbAQLP

exports[`Expext to render TasksSection component 1`] = `ShallowWrapper {}`;
