// Jest Snapshot v1, https://goo.gl/fbAQLP

exports[`Expext to render TASK component 1`] = `ShallowWrapper {}`;
