// Jest Snapshot v1, https://goo.gl/fbAQLP

exports[`Expext to render TaskImportance component 1`] = `ShallowWrapper {}`;
